
> qqai-bot-worker@2.7.2 check
> node verify-config.mjs && node verify-migration.mjs && node verify-model-routing.mjs && node verify-modules.mjs && node verify-routes.mjs && node verify-deployment-notifications.mjs && node verify-subgroup-join.mjs && node verify-spam-detection.mjs && node verify-meme-member-console.mjs && node verify-social-digital-twin.mjs && node verify-explicit-question-priority.mjs && node verify-mute-locks.mjs && node verify-partner-bindings.mjs && node verify-self-mute-reapply.mjs && node verify-master-bindings.mjs && node verify-portal-relationships.mjs && node verify-portal-members-client.mjs && node verify-community-suite.mjs && node verify-social-boundaries.mjs && node verify-werewolf.mjs && node verify-member-cleanup.mjs && node verify-member-console-split.mjs

verify-config: ok (27 modules, single worker.js entry)
verify-migration: ok
verify-model-routing: ok
verify-modules: ok (28 JavaScript files)
verify-routes: ok (7 public routes)
deployment notification checks passed
verify-subgroup-join: ok
spam detection checks passed
meme-aware moderation and member console checks passed
verify-social-digital-twin: ok
verify-explicit-question-priority: ok
verify-mute-locks: ok
verify-partner-bindings: ok
verify-self-mute-reapply: ok
verify-master-bindings: ok
verify-portal-relationships: ok
verify-portal-members-client: ok
verify-community-suite: ok
verify-social-boundaries: ok
werewolf verification passed
file:///home/runner/work/qqaibot/qqaibot/verify-member-cleanup.mjs:14
  if (!condition) throw new Error(message);
                        ^

Error: Cleanup UI must expose sync and reviewed cleanup controls
    at assert (file:///home/runner/work/qqaibot/qqaibot/verify-member-cleanup.mjs:14:25)
    at file:///home/runner/work/qqaibot/qqaibot/verify-member-cleanup.mjs:96:1
    at ModuleJob.run (node:internal/modules/esm/module_job:343:25)
    at async onImport.tracePromise.__proto__ (node:internal/modules/esm/loader:681:26)
    at async asyncRunEntryPointWithESMLoader (node:internal/modules/run_main:117:5)

Node.js v22.23.1
